// Jest Snapshot v1, https://goo.gl/fbAQLP

exports[`snapshot of homepage 1`] = `
<div>
  NotFound
</div>
`;
